[36mvite v8.0.9 [32mbuilding client environment for production...[36m[39m
[2K
transforming...Γ£ô 2344 modules transformed.
rendering chunks...
computing gzip size...
dist/index.html                          0.84 kB Γöé gzip:   0.47 kB
dist/assets/index-BttxSRi4.css          37.44 kB Γöé gzip:   6.21 kB
dist/assets/InsightsChart-CQJz-HxZ.js  358.81 kB Γöé gzip: 105.04 kB
dist/assets/index-Df1Egjuy.js          650.29 kB Γöé gzip: 196.68 kB

[32mΓ£ô built in 784ms[39m
npx : [33m[plugin 
builtin:vite-reporter] 
At line:1 char:1
+ npx vite build 2>&1 | 
Out-File -FilePath 
build_output.txt 
-Encoding u ...
+ ~~~~~~~~~~~~~~~~~~~
    + CategoryInfo        
      : NotSpecified: (  
  [33m[plugin builtin:v   
 ite-reporter] :String    
) [], RemoteException
    + FullyQualifiedError 
   Id : NativeCommandErr  
  or
 
(!) Some chunks are 
larger than 500 kB after 
minification. Consider:
- Using dynamic import() 
to code-split the 
application
- Use build.rolldownOption
s.output.codeSplitting to 
improve chunking: https://
rolldown.rs/reference/Outp
utOptions.codeSplitting
- Adjust chunk size limit 
for this warning via build
.chunkSizeWarningLimit.[3
9m
